main.c:75:9:open_append	24	static
main.c:95:5:main	1128	static
main.c:168:6:SystemClock_Config	312	static
main.c:241:13:MX_SDMMC2_SD_Init	4	static
main.c:260:13:MX_GPIO_Init	48	static
main.c:323:13:MX_UART4_Init	8	static
main.c:374:13:MX_TIM16_Init	80	static
main.c:438:13:MX_I2C2_Init	8	static
main.c:485:6:ControlTask	16	static
main.c:501:6:ModulesTask	16	static
main.c:512:6:StorageTask	16	static
main.c:533:6:HAL_TIM_PeriodElapsedCallback	16	static
main.c:551:6:Error_Handler	4	static,ignoring_inline_asm
