core_cm7.h:2229:22:SCB_EnableICache	4	static,ignoring_inline_asm
core_cm7.h:2281:22:SCB_EnableDCache	24	static,ignoring_inline_asm
main.c:79:13:CPU_CACHE_Enable	8	static
main.c:88:5:main	16	static
main.c:167:6:SystemClock_Config	312	static
main.c:241:13:MX_DCMI_Init	8	static
main.c:266:13:MX_DMA_Init	16	static
main.c:284:13:MX_GPIO_Init	48	static
main.c:347:13:MX_UART4_Init	8	static
main.c:398:13:MX_TIM16_Init	80	static
main.c:462:13:MX_I2C2_Init	8	static
main.c:509:6:ControlTask	16	static
main.c:524:6:ModulesTask	16	static
main.c:543:6:HAL_TIM_PeriodElapsedCallback	16	static
main.c:561:6:Error_Handler	4	static,ignoring_inline_asm
